// Jest Snapshot v1, https://goo.gl/fbAQLP

exports[`QRCodeDecoder should render correctly 1`] = `
<Ui
  onError={[Function]}
  onSuccess={[Function]}
  setSource={[Function]}
  showImagePicker={[Function]}
  source=""
/>
`;
