// Jest Snapshot v1, https://goo.gl/fbAQLP

exports[`QRCodeScan Ui should render correctly 1`] = `
<Fragment>
  <Button
    onPress={[Function]}
    title="Scan"
  />
</Fragment>
`;
